Flow report for WORK
Mon Jul 01 22:21:54 2019
Quartus II Version 9.0 Build 132 02/25/2009 SJ Full Version


---------------------
; Table of Contents ;
---------------------
  1. Legal Notice
  2. Flow Summary
  3. Flow Settings
  4. Flow Non-Default Global Settings
  5. Flow Elapsed Time
  6. Flow OS Summary
  7. Flow Log



----------------
; Legal Notice ;
----------------
Copyright (C) 1991-2009 Altera Corporation
Your use of Altera Corporation's design tools, logic functions 
and other software and tools, and its AMPP partner logic 
functions, and any output files from any of the foregoing 
(including device programming or simulation files), and any 
associated documentation or information are expressly subject 
to the terms and conditions of the Altera Program License 
Subscription Agreement, Altera MegaCore Function License 
Agreement, or other applicable license agreement, including, 
without limitation, that your use is for the sole purpose of 
programming logic devices manufactured by Altera and sold by 
Altera or its authorized distributors.  Please refer to the 
applicable agreement for further details.



+-------------------------------------------------------------------------------+
; Flow Summary                                                                  ;
+------------------------------------+------------------------------------------+
; Flow Status                        ; Successful - Mon Jul 01 22:21:54 2019    ;
; Quartus II Version                 ; 9.0 Build 132 02/25/2009 SJ Full Version ;
; Revision Name                      ; WORK                                     ;
; Top-level Entity Name              ; slect                                    ;
; Family                             ; Cyclone II                               ;
; Device                             ; EP2C35F484C8                             ;
; Timing Models                      ; Final                                    ;
; Met timing requirements            ; Yes                                      ;
; Total logic elements               ; 3 / 33,216 ( < 1 % )                     ;
;     Total combinational functions  ; 3 / 33,216 ( < 1 % )                     ;
;     Dedicated logic registers      ; 3 / 33,216 ( < 1 % )                     ;
; Total registers                    ; 3                                        ;
; Total pins                         ; 5 / 322 ( 2 % )                          ;
; Total virtual pins                 ; 0                                        ;
; Total memory bits                  ; 0 / 483,840 ( 0 % )                      ;
; Embedded Multiplier 9-bit elements ; 0 / 70 ( 0 % )                           ;
; Total PLLs                         ; 0 / 4 ( 0 % )                            ;
+------------------------------------+------------------------------------------+


+-----------------------------------------+
; Flow Settings                           ;
+-------------------+---------------------+
; Option            ; Setting             ;
+-------------------+---------------------+
; Start date & time ; 07/01/2019 22:21:41 ;
; Main task         ; Compilation         ;
; Revision Name     ; WORK                ;
+-------------------+---------------------+


+--------------------------------------------------------------------------------------------------------------------------+
; Flow Non-Default Global Settings                                                                                         ;
+------------------------------------+--------------------------------------+---------------+-------------+----------------+
; Assignment Name                    ; Value                                ; Default Value ; Entity Name ; Section Id     ;
+------------------------------------+--------------------------------------+---------------+-------------+----------------+
; COMPILER_SIGNATURE_ID              ; 141812760539588.156199090020636      ; --            ; --          ; --             ;
; MAX_CORE_JUNCTION_TEMP             ; 85                                   ; --            ; --          ; --             ;
; MIN_CORE_JUNCTION_TEMP             ; 0                                    ; --            ; --          ; --             ;
; MISC_FILE                          ; F:/Quartus II projects/work/WORK.dpf ; --            ; --          ; --             ;
; PARTITION_COLOR                    ; 16764057                             ; --            ; slect       ; Top            ;
; PARTITION_NETLIST_TYPE             ; SOURCE                               ; --            ; slect       ; Top            ;
; TOP_LEVEL_ENTITY                   ; slect                                ; WORK          ; --          ; --             ;
; USE_GENERATED_PHYSICAL_CONSTRAINTS ; Off                                  ; --            ; --          ; eda_blast_fpga ;
+------------------------------------+--------------------------------------+---------------+-------------+----------------+


+-----------------------------------------------------------------------------------------------------------------------------+
; Flow Elapsed Time                                                                                                           ;
+-------------------------+--------------+-------------------------+---------------------+------------------------------------+
; Module Name             ; Elapsed Time ; Average Processors Used ; Peak Virtual Memory ; Total CPU Time (on all processors) ;
+-------------------------+--------------+-------------------------+---------------------+------------------------------------+
; Analysis & Synthesis    ; 00:00:02     ; 1.0                     ; 253 MB              ; 00:00:02                           ;
; Fitter                  ; 00:00:05     ; 1.0                     ; 343 MB              ; 00:00:05                           ;
; Assembler               ; 00:00:03     ; 1.0                     ; 292 MB              ; 00:00:03                           ;
; Classic Timing Analyzer ; 00:00:00     ; 1.0                     ; 200 MB              ; 00:00:00                           ;
; Total                   ; 00:00:10     ; --                      ; --                  ; 00:00:10                           ;
+-------------------------+--------------+-------------------------+---------------------+------------------------------------+


+------------------------------------------------------------------------------------------+
; Flow OS Summary                                                                          ;
+-------------------------+------------------+---------------+------------+----------------+
; Module Name             ; Machine Hostname ; OS Name       ; OS Version ; Processor type ;
+-------------------------+------------------+---------------+------------+----------------+
; Analysis & Synthesis    ; DESKTOP-LE6KOJM  ; Windows Vista ; 6.2        ; x86_64         ;
; Fitter                  ; DESKTOP-LE6KOJM  ; Windows Vista ; 6.2        ; x86_64         ;
; Assembler               ; DESKTOP-LE6KOJM  ; Windows Vista ; 6.2        ; x86_64         ;
; Classic Timing Analyzer ; DESKTOP-LE6KOJM  ; Windows Vista ; 6.2        ; x86_64         ;
+-------------------------+------------------+---------------+------------+----------------+


------------
; Flow Log ;
------------
quartus_map --read_settings_files=on --write_settings_files=off WORK -c WORK
quartus_fit --read_settings_files=off --write_settings_files=off WORK -c WORK
quartus_asm --read_settings_files=off --write_settings_files=off WORK -c WORK
quartus_tan --read_settings_files=off --write_settings_files=off WORK -c WORK --timing_analysis_only



